// Jest Snapshot v1, https://goo.gl/fbAQLP

exports[`InputAutocompleteMobile Snapshots tests should match snapshot in closed state 1`] = `
<body>
  <div>
    <div
      aria-expanded="false"
      aria-haspopup="listbox"
      class="component"
      role="combobox"
      tabindex="-1"
    >
      <div
        class="component"
      >
        <div
          class="component component size-48 size-48 block"
        >
          <div
            aria-controls="downshift-:r0:-menu"
            aria-labelledby="downshift-:r0:-label"
            class="field inner inner inner inner"
            id="downshift-:r0:-input"
            tabindex="0"
          >
            <div
              class="inputWrapper"
            >
              <div
                class="input"
              >
                <div
                  class="contentWrapper"
                />
              </div>
            </div>
          </div>
        </div>
      </div>
    </div>
  </div>
</body>
`;

exports[`InputAutocompleteMobile Snapshots tests should match snapshot in open state 1`] = `
<body
  style="padding-right: 0px; overflow: hidden;"
>
  <div>
    <div
      aria-expanded="true"
      aria-haspopup="listbox"
      class="component"
      role="combobox"
      tabindex="-1"
    >
      <div
        class="component"
      >
        <div
          class="component component size-48 size-48 block"
        >
          <div
            aria-controls="downshift-:r1:-menu"
            aria-labelledby="downshift-:r1:-label"
            class="field inner inner inner inner"
            id="downshift-:r1:-input"
          >
            <div
              class="inputWrapper"
            >
              <div
                class="input"
              >
                <div
                  class="contentWrapper"
                />
              </div>
            </div>
          </div>
        </div>
      </div>
    </div>
  </div>
  <div
    alfa-portal-container=""
  >
    <div
      data-focus-guard="true"
      style="width: 1px; height: 0px; padding: 0px; overflow: hidden; position: fixed; top: 1px; left: 1px;"
      tabindex="0"
    />
    <div
      data-focus-lock-disabled="false"
    >
      <div
        style="opacity: 1; transition: opacity 500ms ease-in-out; position: relative; z-index: 100;"
      >
        <div
          aria-hidden="true"
          class="backdrop disabledPointerEvents appear appearActive"
        />
      </div>
      <div
        class="wrapper"
        role="dialog"
        style="z-index: 100;"
        tabindex="-1"
      >
        <div
          class="component modal appear appearActive"
        >
          <div
            class="content"
          >
            <div
              class="wrapper"
            >
              <div
                class="component sheet"
                style="max-height: 744px; height: 744px;"
              >
                <div
                  class="marker defaultMarker"
                />
                <div
                  class="scrollableContainer sheetContainer"
                >
                  <div
                    class="header headerWrapper sticky"
                  >
                    <div
                      class="mainLine"
                    >
                      <div
                        class="addonsWrapper rightAddons"
                      >
                        <div
                          class="addon closer"
                        >
                          <div
                            class="closer"
                          >
                            <button
                              aria-label="закрыть"
                              class="component text size-48 hug size-48 component text component text cc-icon-button button primary component border-32"
                              type="button"
                            >
                              <span
                                class="label stretchText"
                              >
                                <span
                                  class="iconWrapper size-32 center"
                                >
                                  <svg
                                    class="icon"
                                    fill="currentColor"
                                    focusable="false"
                                    height="24"
                                    role="img"
                                    viewBox="0 0 24 24"
                                    width="24"
                                  >
                                    <path
                                      d="M10.586 12L6 16.5 7.5 18l4.5-4.586L16.5 18l1.5-1.5-4.586-4.5L18 7.5 16.5 6 12 10.586 7.5 6 6 7.5l4.586 4.5z"
                                    />
                                  </svg>
                                </span>
                              </span>
                            </button>
                          </div>
                        </div>
                      </div>
                    </div>
                    <div
                      class="bottomAddons"
                    >
                      <div
                        class="component component component input search size-48 size-48"
                      >
                        <div
                          class="inner inner inner inner"
                        >
                          <div
                            class="inputWrapper"
                          >
                            <div
                              class="input"
                            >
                              <input
                                class="input input"
                                placeholder=""
                                type="text"
                                value=""
                              />
                            </div>
                          </div>
                        </div>
                      </div>
                    </div>
                  </div>
                  <div
                    class="content sheetContent noFooter"
                  >
                    <div
                      aria-labelledby="downshift-:r1:-label"
                      class="optionsListWrapper"
                      id="downshift-:r1:-menu"
                      role="listbox"
                    >
                      <div
                        class="optionsList size-48 optionsList"
                      >
                        <div
                          class="component component scrollable scrollbar"
                          data-simplebar="init"
                          style="min-width: 0;"
                        >
                          <div
                            class="wrapper"
                          >
                            <div
                              class="heightAutoObserverWrapper"
                            >
                              <div
                                class="heightAutoObserver"
                              />
                            </div>
                            <div
                              class="mask mask"
                              style=""
                            >
                              <div
                                class="offset"
                                style="right: 0px; bottom: 0px;"
                              >
                                <div
                                  aria-label="scrollable content"
                                  class="contentWrapper"
                                  role="region"
                                  style="height: auto; overflow-x: hidden; overflow-y: hidden;"
                                  tabindex="0"
                                >
                                  <div
                                    class="content"
                                    style=""
                                  >
                                    <div
                                      aria-disabled="false"
                                      aria-selected="false"
                                      class="option size-56 option"
                                      id="downshift-:r1:-item-0"
                                      role="option"
                                    >
                                      <div
                                        class="checkmark"
                                      >
                                        <svg
                                          class="displayIcon"
                                          fill="currentColor"
                                          focusable="false"
                                          height="24"
                                          role="img"
                                          viewBox="0 0 24 24"
                                          width="24"
                                        >
                                          <path
                                            clip-rule="evenodd"
                                            d="M20 7.519L9.903 17 5 12.327l1.448-1.503 3.47 3.308L18.569 6 20 7.519z"
                                            fill-rule="evenodd"
                                          />
                                        </svg>
                                      </div>
                                      <div
                                        class="content textContent"
                                      >
                                        Neptunium
                                      </div>
                                      <div
                                        class="checkmark"
                                      >
                                        <svg
                                          class="displayIcon"
                                          fill="currentColor"
                                          focusable="false"
                                          height="24"
                                          role="img"
                                          viewBox="0 0 24 24"
                                          width="24"
                                        >
                                          <path
                                            clip-rule="evenodd"
                                            d="M20 7.519L9.903 17 5 12.327l1.448-1.503 3.47 3.308L18.569 6 20 7.519z"
                                            fill-rule="evenodd"
                                          />
                                        </svg>
                                      </div>
                                    </div>
                                    <div
                                      aria-disabled="false"
                                      aria-selected="false"
                                      class="option size-56 option"
                                      id="downshift-:r1:-item-1"
                                      role="option"
                                    >
                                      <div
                                        class="checkmark"
                                      >
                                        <svg
                                          class="displayIcon"
                                          fill="currentColor"
                                          focusable="false"
                                          height="24"
                                          role="img"
                                          viewBox="0 0 24 24"
                                          width="24"
                                        >
                                          <path
                                            clip-rule="evenodd"
                                            d="M20 7.519L9.903 17 5 12.327l1.448-1.503 3.47 3.308L18.569 6 20 7.519z"
                                            fill-rule="evenodd"
                                          />
                                        </svg>
                                      </div>
                                      <div
                                        class="content textContent"
                                      >
                                        Plutonium
                                      </div>
                                      <div
                                        class="checkmark"
                                      >
                                        <svg
                                          class="displayIcon"
                                          fill="currentColor"
                                          focusable="false"
                                          height="24"
                                          role="img"
                                          viewBox="0 0 24 24"
                                          width="24"
                                        >
                                          <path
                                            clip-rule="evenodd"
                                            d="M20 7.519L9.903 17 5 12.327l1.448-1.503 3.47 3.308L18.569 6 20 7.519z"
                                            fill-rule="evenodd"
                                          />
                                        </svg>
                                      </div>
                                    </div>
                                  </div>
                                </div>
                              </div>
                            </div>
                            <div
                              class="placeholder"
                              style="width: 0px; height: 0px;"
                            />
                          </div>
                          <div
                            class="track horizontal"
                            style="visibility: hidden;"
                          >
                            <div
                              class="scrollbar"
                              style="width: 0px; display: none;"
                            />
                          </div>
                          <div
                            class="track vertical"
                            style="visibility: hidden;"
                          >
                            <div
                              class="scrollbar"
                              style="height: 0px; display: none;"
                            />
                          </div>
                        </div>
                        <div
                          class="optionsListFooter"
                        >
                          <div
                            class="footer"
                            tabindex="0"
                          >
                            <button
                              class="component secondary size-56 hug size-56 component secondary component secondary button"
                              type="button"
                            >
                              <span
                                class="label stretchText"
                              >
                                Отмена
                              </span>
                            </button>
                            <button
                              class="component primary size-56 hug size-56 component primary component primary button"
                              type="button"
                            >
                              <span
                                class="label stretchText"
                              >
                                Продолжить
                              </span>
                            </button>
                          </div>
                        </div>
                      </div>
                    </div>
                  </div>
                </div>
              </div>
            </div>
          </div>
        </div>
      </div>
    </div>
    <div
      data-focus-guard="true"
      style="width: 1px; height: 0px; padding: 0px; overflow: hidden; position: fixed; top: 1px; left: 1px;"
      tabindex="0"
    />
  </div>
</body>
`;
