// Jest Snapshot v1, https://jestjs.io/docs/snapshot-testing

exports[`PureAmount should match snapshot 1`] = `
<span
  class="component"
  data-test-id="test-id"
>
  1
   ₽
</span>
`;
