// Jest Snapshot v1, https://goo.gl/fbAQLP

exports[`NumberInput Snapshots tests should match snapshot 1`] = `
<div>
  <div
    class="component component s s"
  >
    <div
      class="inner inner inner inner filled"
    >
      <div
        class="inputWrapper"
      >
        <div
          class="input"
        >
          <input
            class="input input input"
            inputmode="decimal"
            type="text"
            value="1234.567"
          />
        </div>
      </div>
    </div>
  </div>
</div>
`;
