// Jest Snapshot v1, https://goo.gl/fbAQLP

exports[`PasswordInput snapshots tests should match snapshot 1`] = `
<body>
  <div>
    <div
      class="component component size-48 size-48 size-48 hasRightAddons"
    >
      <div
        class="inner inner inner inner"
      >
        <div
          class="inputWrapper"
        >
          <div
            class="input size-48"
          >
            <input
              class="input size-48 input input"
              type="password"
              value=""
            />
          </div>
        </div>
        <div
          class="addons rightAddons addons"
        >
          <button
            class="component text size-48 hug size-48 component text component text cc-icon-button eye secondary component border-40"
            title="Показать введённые цифры"
            type="button"
          >
            <span
              class="label stretchText"
            >
              <span
                class="iconWrapper size-48 center"
              >
                <svg
                  class="icon"
                  fill="currentColor"
                  focusable="false"
                  height="24"
                  role="img"
                  viewBox="0 0 24 24"
                  width="24"
                >
                  <path
                    clip-rule="evenodd"
                    d="M22.015 18.584L5.432 2 4.018 3.413l2.78 2.78C4.252 7.412 2.177 9.484 1 12.003c1.914 4.09 6.19 7.002 11 7.002 2.164 0 4.22-.589 6.001-1.61l2.6 2.601 1.414-1.413zm-6.756-3.93l-1.573-1.573a2 2 0 11-2.763-2.763L9.35 8.745a4.2 4.2 0 105.91 5.91z"
                    fill-rule="evenodd"
                  />
                  <path
                    d="M23 12.004a11.952 11.952 0 01-1.813 2.778.1.1 0 01-.145.005L11.438 5.18a.098.098 0 01.065-.169c.165-.007.33-.01.497-.01 4.81 0 9.086 2.912 11 7.002z"
                  />
                </svg>
              </span>
            </span>
          </button>
        </div>
      </div>
    </div>
  </div>
</body>
`;
