// Jest Snapshot v1, https://goo.gl/fbAQLP

exports[`Steps Snapshots tests should match snapshot 1`] = `
Object {
  "asFragment": [Function],
  "baseElement": <body>
    <div>
      <div
        class="component"
      >
        <div
          class="step selected interactive"
          role="button"
          tabindex="0"
        >
          <div
            class="indicator interactive"
          >
            <div
              class="option"
            >
              1
            </div>
          </div>
          <div
            class="text interactive"
          >
            <div>
              Шаг 1
            </div>
          </div>
          <div
            class="dash"
          />
        </div>
        <div
          class="step interactive"
          role="button"
          tabindex="0"
        >
          <div
            class="indicator interactive"
          >
            <div
              class="option"
            >
              2
            </div>
          </div>
          <div
            class="text interactive"
          >
            <div>
              Шаг 2
            </div>
          </div>
        </div>
      </div>
    </div>
  </body>,
  "container": <div>
    <div
      class="component"
    >
      <div
        class="step selected interactive"
        role="button"
        tabindex="0"
      >
        <div
          class="indicator interactive"
        >
          <div
            class="option"
          >
            1
          </div>
        </div>
        <div
          class="text interactive"
        >
          <div>
            Шаг 1
          </div>
        </div>
        <div
          class="dash"
        />
      </div>
      <div
        class="step interactive"
        role="button"
        tabindex="0"
      >
        <div
          class="indicator interactive"
        >
          <div
            class="option"
          >
            2
          </div>
        </div>
        <div
          class="text interactive"
        >
          <div>
            Шаг 2
          </div>
        </div>
      </div>
    </div>
  </div>,
  "debug": [Function],
  "findAllByAltText": [Function],
  "findAllByDisplayValue": [Function],
  "findAllByLabelText": [Function],
  "findAllByPlaceholderText": [Function],
  "findAllByRole": [Function],
  "findAllByTestId": [Function],
  "findAllByText": [Function],
  "findAllByTitle": [Function],
  "findByAltText": [Function],
  "findByDisplayValue": [Function],
  "findByLabelText": [Function],
  "findByPlaceholderText": [Function],
  "findByRole": [Function],
  "findByTestId": [Function],
  "findByText": [Function],
  "findByTitle": [Function],
  "getAllByAltText": [Function],
  "getAllByDisplayValue": [Function],
  "getAllByLabelText": [Function],
  "getAllByPlaceholderText": [Function],
  "getAllByRole": [Function],
  "getAllByTestId": [Function],
  "getAllByText": [Function],
  "getAllByTitle": [Function],
  "getByAltText": [Function],
  "getByDisplayValue": [Function],
  "getByLabelText": [Function],
  "getByPlaceholderText": [Function],
  "getByRole": [Function],
  "getByTestId": [Function],
  "getByText": [Function],
  "getByTitle": [Function],
  "queryAllByAltText": [Function],
  "queryAllByDisplayValue": [Function],
  "queryAllByLabelText": [Function],
  "queryAllByPlaceholderText": [Function],
  "queryAllByRole": [Function],
  "queryAllByTestId": [Function],
  "queryAllByText": [Function],
  "queryAllByTitle": [Function],
  "queryByAltText": [Function],
  "queryByDisplayValue": [Function],
  "queryByLabelText": [Function],
  "queryByPlaceholderText": [Function],
  "queryByRole": [Function],
  "queryByTestId": [Function],
  "queryByText": [Function],
  "queryByTitle": [Function],
  "rerender": [Function],
  "unmount": [Function],
}
`;
