// Jest Snapshot v1, https://goo.gl/fbAQLP

exports[`NotificationManager Snapshots tests should match empty snapshot 1`] = `
<body>
  <div />
  <div
    alfa-portal-container=""
  >
    <div
      class="component"
      style="z-index: 1000;"
    />
  </div>
</body>
`;

exports[`NotificationManager Snapshots tests should match snapshot 1`] = `
<body>
  <div
    alfa-portal-container=""
  >
    <div
      class="component"
      style="z-index: 1000;"
    >
      <div>
        <div
          class="component hasCloser notificationComponent isVisible notification"
          id="1"
          role="alert"
          style="top: 0px; z-index: 1001;"
        >
          <div
            class="contentWrap"
          >
            <div
              class="toastContent content hasCloser"
            >
              <div>
                <div
                  class="title"
                >
                  title
                </div>
              </div>
            </div>
            <div
              class="closeButtonWrapper"
            >
              <button
                aria-label="закрыть"
                class="component ghost s component ghost closeButton primary component"
                type="button"
              >
                <span
                  class="text stretchText"
                >
                  <span
                    class="iconWrapper s"
                  >
                    <svg
                      class="icon"
                      fill="currentColor"
                      focusable="false"
                      height="24"
                      role="img"
                      viewBox="0 0 24 24"
                      width="24"
                    >
                      <path
                        d="M10.586 12L6 16.5 7.5 18l4.5-4.586L16.5 18l1.5-1.5-4.586-4.5L18 7.5 16.5 6 12 10.586 7.5 6 6 7.5l4.586 4.5z"
                      />
                    </svg>
                  </span>
                </span>
              </button>
            </div>
          </div>
        </div>
      </div>
      <div>
        <div
          class="component hasCloser notificationComponent isVisible notification"
          id="2"
          role="alert"
          style="top: 0px; z-index: 1001;"
        >
          <div
            class="contentWrap"
          >
            <div
              class="toastContent content hasCloser"
            >
              <div>
                <div
                  class="title"
                >
                  title
                </div>
              </div>
            </div>
            <div
              class="closeButtonWrapper"
            >
              <button
                aria-label="закрыть"
                class="component ghost s component ghost closeButton primary component"
                type="button"
              >
                <span
                  class="text stretchText"
                >
                  <span
                    class="iconWrapper s"
                  >
                    <svg
                      class="icon"
                      fill="currentColor"
                      focusable="false"
                      height="24"
                      role="img"
                      viewBox="0 0 24 24"
                      width="24"
                    >
                      <path
                        d="M10.586 12L6 16.5 7.5 18l4.5-4.586L16.5 18l1.5-1.5-4.586-4.5L18 7.5 16.5 6 12 10.586 7.5 6 6 7.5l4.586 4.5z"
                      />
                    </svg>
                  </span>
                </span>
              </button>
            </div>
          </div>
        </div>
      </div>
      <div>
        <div
          class="component hasCloser notificationComponent isVisible notification"
          id="3"
          role="alert"
          style="top: 0px; z-index: 1001;"
        >
          <div
            class="contentWrap"
          >
            <div
              class="toastContent content hasCloser"
            >
              <div>
                <div
                  class="title"
                >
                  title
                </div>
              </div>
            </div>
            <div
              class="closeButtonWrapper"
            >
              <button
                aria-label="закрыть"
                class="component ghost s component ghost closeButton primary component"
                type="button"
              >
                <span
                  class="text stretchText"
                >
                  <span
                    class="iconWrapper s"
                  >
                    <svg
                      class="icon"
                      fill="currentColor"
                      focusable="false"
                      height="24"
                      role="img"
                      viewBox="0 0 24 24"
                      width="24"
                    >
                      <path
                        d="M10.586 12L6 16.5 7.5 18l4.5-4.586L16.5 18l1.5-1.5-4.586-4.5L18 7.5 16.5 6 12 10.586 7.5 6 6 7.5l4.586 4.5z"
                      />
                    </svg>
                  </span>
                </span>
              </button>
            </div>
          </div>
        </div>
      </div>
    </div>
  </div>
  <div />
</body>
`;
