// Jest Snapshot v1, https://goo.gl/fbAQLP

exports[`SliderInput should match snapshot 1`] = `
<div>
  <div
    class="component s"
  >
    <div
      class="component component input s block"
    >
      <div
        class="field s inner inner"
      >
        <div
          class="inputWrapper"
        >
          <div
            class="input"
          >
            <input
              class="input input"
              inputmode="numeric"
              pattern="[0-9]*"
              type="text"
              value=""
            />
          </div>
        </div>
      </div>
      <div
        class="component slider s noUi-target noUi-ltr noUi-horizontal noUi-txt-dir-ltr noUi-state-tap"
      >
        <div
          class="noUi-base"
        >
          <div
            class="noUi-connects"
          >
            <div
              class="noUi-connect"
              style="transform: translate(0%, 0) scale(0, 1);"
            />
          </div>
          <div
            class="noUi-origin"
            style="transform: translate(-100%, 0); z-index: 4;"
          >
            <div
              aria-orientation="horizontal"
              aria-valuemax="100.0"
              aria-valuemin="0.0"
              aria-valuenow="0.0"
              aria-valuetext="0.00"
              class="noUi-handle noUi-handle-lower"
              data-handle="0"
              role="slider"
              tabindex="0"
            >
              <div
                class="noUi-touch-area"
              />
            </div>
          </div>
        </div>
      </div>
    </div>
  </div>
</div>
`;
