// Jest Snapshot v1, https://goo.gl/fbAQLP

exports[`DateRangeInput Display tests should match snapshot 1`] = `
<div>
  <div
    class="component"
  >
    <div
      class="component component s hasRightAddons"
    >
      <div
        class="inner inner filled"
      >
        <div
          class="inputWrapper"
        >
          <div
            class="input"
          >
            <input
              class="input input"
              type="text"
              value="12.12.2021 - 10.04.2022"
            />
          </div>
        </div>
        <div
          class="addons rightAddons"
        />
      </div>
    </div>
  </div>
</div>
`;
