// Jest Snapshot v1, https://goo.gl/fbAQLP

exports[`InternationalPhoneInput should match snapshot 1`] = `
<div>
  <div
    class="component component component size-56 size-56 hasLeftAddons"
  >
    <div
      class="inner inner inner inner filled"
    >
      <div
        class="addons leftAddons addons"
      >
        <div
          class="component"
        >
          <div
            aria-expanded="false"
            aria-haspopup="listbox"
            class="component"
            role="combobox"
            tabindex="-1"
          >
            <div
              class="component size-48"
            >
              <div
                aria-controls="downshift-:r0:-menu"
                aria-labelledby="downshift-:r0:-label"
                class="inner"
                id="downshift-:r0:-input"
                tabindex="0"
              >
                <span
                  class="flagIconContainer"
                >
                  <span
                    class="flagIcon"
                    data-test-id="flag-icon-ru"
                  >
                    <svg
                      fill="none"
                      height="24"
                      width="24"
                      xmlns="http://www.w3.org/2000/svg"
                    >
                      <path
                        d="M0 0h24v24H0z"
                      />
                      <path
                        d="M22.2 4.1H1.8C.8 4.1 0 5 0 6v3.5h24V5.9q-.2-1.7-1.8-1.8"
                        fill="#F5F5F5"
                      />
                      <path
                        d="M0 18c0 1 .8 2 1.8 2h20.4q1.6-.2 1.8-1.8v-3.5H0v3.5Z"
                        fill="#FF4B55"
                      />
                      <path
                        d="M24 9.4H0v5.2h24z"
                        fill="#41479B"
                      />
                    </svg>
                  </span>
                </span>
                <svg
                  class="arrow"
                  fill="currentColor"
                  focusable="false"
                  height="24"
                  role="img"
                  viewBox="0 0 24 24"
                  width="24"
                >
                  <path
                    d="M12 14L6.5 8.5 5 10l7 7 7-7-1.5-1.5L12 14z"
                  />
                </svg>
              </div>
            </div>
          </div>
        </div>
      </div>
      <div
        class="inputWrapper"
      >
        <div
          class="input"
        >
          <input
            class="input input"
            type="tel"
            value="+7 111 111 11 11"
          />
        </div>
      </div>
    </div>
  </div>
</div>
`;
