// Jest Snapshot v1, https://goo.gl/fbAQLP

exports[`CustomButton Snapshots tests should match snapshot 1`] = `
Object {
  "asFragment": [Function],
  "baseElement": <body>
    <div>
      <button
        class="component primary m component primary iconOnly customButton white"
        style="background: rgb(255, 69, 195);"
        type="button"
      />
    </div>
  </body>,
  "container": <div>
    <button
      class="component primary m component primary iconOnly customButton white"
      style="background: rgb(255, 69, 195);"
      type="button"
    />
  </div>,
  "debug": [Function],
  "findAllByAltText": [Function],
  "findAllByDisplayValue": [Function],
  "findAllByLabelText": [Function],
  "findAllByPlaceholderText": [Function],
  "findAllByRole": [Function],
  "findAllByTestId": [Function],
  "findAllByText": [Function],
  "findAllByTitle": [Function],
  "findByAltText": [Function],
  "findByDisplayValue": [Function],
  "findByLabelText": [Function],
  "findByPlaceholderText": [Function],
  "findByRole": [Function],
  "findByTestId": [Function],
  "findByText": [Function],
  "findByTitle": [Function],
  "getAllByAltText": [Function],
  "getAllByDisplayValue": [Function],
  "getAllByLabelText": [Function],
  "getAllByPlaceholderText": [Function],
  "getAllByRole": [Function],
  "getAllByTestId": [Function],
  "getAllByText": [Function],
  "getAllByTitle": [Function],
  "getByAltText": [Function],
  "getByDisplayValue": [Function],
  "getByLabelText": [Function],
  "getByPlaceholderText": [Function],
  "getByRole": [Function],
  "getByTestId": [Function],
  "getByText": [Function],
  "getByTitle": [Function],
  "queryAllByAltText": [Function],
  "queryAllByDisplayValue": [Function],
  "queryAllByLabelText": [Function],
  "queryAllByPlaceholderText": [Function],
  "queryAllByRole": [Function],
  "queryAllByTestId": [Function],
  "queryAllByText": [Function],
  "queryAllByTitle": [Function],
  "queryByAltText": [Function],
  "queryByDisplayValue": [Function],
  "queryByLabelText": [Function],
  "queryByPlaceholderText": [Function],
  "queryByRole": [Function],
  "queryByTestId": [Function],
  "queryByText": [Function],
  "queryByTitle": [Function],
  "rerender": [Function],
  "unmount": [Function],
}
`;

exports[`CustomButton Snapshots tests should render CustomButton view=primary by default 1`] = `
Object {
  "asFragment": [Function],
  "baseElement": <body>
    <div>
      <button
        class="component primary m component primary iconOnly customButton white"
        style="background: rgb(255, 69, 195);"
        type="button"
      />
    </div>
  </body>,
  "container": <div>
    <button
      class="component primary m component primary iconOnly customButton white"
      style="background: rgb(255, 69, 195);"
      type="button"
    />
  </div>,
  "debug": [Function],
  "findAllByAltText": [Function],
  "findAllByDisplayValue": [Function],
  "findAllByLabelText": [Function],
  "findAllByPlaceholderText": [Function],
  "findAllByRole": [Function],
  "findAllByTestId": [Function],
  "findAllByText": [Function],
  "findAllByTitle": [Function],
  "findByAltText": [Function],
  "findByDisplayValue": [Function],
  "findByLabelText": [Function],
  "findByPlaceholderText": [Function],
  "findByRole": [Function],
  "findByTestId": [Function],
  "findByText": [Function],
  "findByTitle": [Function],
  "getAllByAltText": [Function],
  "getAllByDisplayValue": [Function],
  "getAllByLabelText": [Function],
  "getAllByPlaceholderText": [Function],
  "getAllByRole": [Function],
  "getAllByTestId": [Function],
  "getAllByText": [Function],
  "getAllByTitle": [Function],
  "getByAltText": [Function],
  "getByDisplayValue": [Function],
  "getByLabelText": [Function],
  "getByPlaceholderText": [Function],
  "getByRole": [Function],
  "getByTestId": [Function],
  "getByText": [Function],
  "getByTitle": [Function],
  "queryAllByAltText": [Function],
  "queryAllByDisplayValue": [Function],
  "queryAllByLabelText": [Function],
  "queryAllByPlaceholderText": [Function],
  "queryAllByRole": [Function],
  "queryAllByTestId": [Function],
  "queryAllByText": [Function],
  "queryAllByTitle": [Function],
  "queryByAltText": [Function],
  "queryByDisplayValue": [Function],
  "queryByLabelText": [Function],
  "queryByPlaceholderText": [Function],
  "queryByRole": [Function],
  "queryByTestId": [Function],
  "queryByText": [Function],
  "queryByTitle": [Function],
  "rerender": [Function],
  "unmount": [Function],
}
`;

exports[`CustomButton Snapshots tests should render black color content 1`] = `
Object {
  "asFragment": [Function],
  "baseElement": <body>
    <div>
      <button
        class="component primary m component primary iconOnly customButton black"
        style="background: rgb(255, 69, 195);"
        type="button"
      />
    </div>
  </body>,
  "container": <div>
    <button
      class="component primary m component primary iconOnly customButton black"
      style="background: rgb(255, 69, 195);"
      type="button"
    />
  </div>,
  "debug": [Function],
  "findAllByAltText": [Function],
  "findAllByDisplayValue": [Function],
  "findAllByLabelText": [Function],
  "findAllByPlaceholderText": [Function],
  "findAllByRole": [Function],
  "findAllByTestId": [Function],
  "findAllByText": [Function],
  "findAllByTitle": [Function],
  "findByAltText": [Function],
  "findByDisplayValue": [Function],
  "findByLabelText": [Function],
  "findByPlaceholderText": [Function],
  "findByRole": [Function],
  "findByTestId": [Function],
  "findByText": [Function],
  "findByTitle": [Function],
  "getAllByAltText": [Function],
  "getAllByDisplayValue": [Function],
  "getAllByLabelText": [Function],
  "getAllByPlaceholderText": [Function],
  "getAllByRole": [Function],
  "getAllByTestId": [Function],
  "getAllByText": [Function],
  "getAllByTitle": [Function],
  "getByAltText": [Function],
  "getByDisplayValue": [Function],
  "getByLabelText": [Function],
  "getByPlaceholderText": [Function],
  "getByRole": [Function],
  "getByTestId": [Function],
  "getByText": [Function],
  "getByTitle": [Function],
  "queryAllByAltText": [Function],
  "queryAllByDisplayValue": [Function],
  "queryAllByLabelText": [Function],
  "queryAllByPlaceholderText": [Function],
  "queryAllByRole": [Function],
  "queryAllByTestId": [Function],
  "queryAllByText": [Function],
  "queryAllByTitle": [Function],
  "queryByAltText": [Function],
  "queryByDisplayValue": [Function],
  "queryByLabelText": [Function],
  "queryByPlaceholderText": [Function],
  "queryByRole": [Function],
  "queryByTestId": [Function],
  "queryByText": [Function],
  "queryByTitle": [Function],
  "rerender": [Function],
  "unmount": [Function],
}
`;

exports[`CustomButton Snapshots tests should render custom background color 1`] = `
Object {
  "asFragment": [Function],
  "baseElement": <body>
    <div>
      <button
        class="component primary m component primary iconOnly customButton white"
        style="background: rgb(0, 255, 0);"
        type="button"
      />
    </div>
  </body>,
  "container": <div>
    <button
      class="component primary m component primary iconOnly customButton white"
      style="background: rgb(0, 255, 0);"
      type="button"
    />
  </div>,
  "debug": [Function],
  "findAllByAltText": [Function],
  "findAllByDisplayValue": [Function],
  "findAllByLabelText": [Function],
  "findAllByPlaceholderText": [Function],
  "findAllByRole": [Function],
  "findAllByTestId": [Function],
  "findAllByText": [Function],
  "findAllByTitle": [Function],
  "findByAltText": [Function],
  "findByDisplayValue": [Function],
  "findByLabelText": [Function],
  "findByPlaceholderText": [Function],
  "findByRole": [Function],
  "findByTestId": [Function],
  "findByText": [Function],
  "findByTitle": [Function],
  "getAllByAltText": [Function],
  "getAllByDisplayValue": [Function],
  "getAllByLabelText": [Function],
  "getAllByPlaceholderText": [Function],
  "getAllByRole": [Function],
  "getAllByTestId": [Function],
  "getAllByText": [Function],
  "getAllByTitle": [Function],
  "getByAltText": [Function],
  "getByDisplayValue": [Function],
  "getByLabelText": [Function],
  "getByPlaceholderText": [Function],
  "getByRole": [Function],
  "getByTestId": [Function],
  "getByText": [Function],
  "getByTitle": [Function],
  "queryAllByAltText": [Function],
  "queryAllByDisplayValue": [Function],
  "queryAllByLabelText": [Function],
  "queryAllByPlaceholderText": [Function],
  "queryAllByRole": [Function],
  "queryAllByTestId": [Function],
  "queryAllByText": [Function],
  "queryAllByTitle": [Function],
  "queryByAltText": [Function],
  "queryByDisplayValue": [Function],
  "queryByLabelText": [Function],
  "queryByPlaceholderText": [Function],
  "queryByRole": [Function],
  "queryByTestId": [Function],
  "queryByText": [Function],
  "queryByTitle": [Function],
  "rerender": [Function],
  "unmount": [Function],
}
`;

exports[`CustomButton Snapshots tests should render loader if loading pass 1`] = `
Object {
  "asFragment": [Function],
  "baseElement": <body>
    <div>
      <button
        class="component primary m component primary iconOnly loading customButton white customLoading"
        disabled=""
        style="background: rgb(255, 69, 195);"
        type="button"
      >
        <svg
          class="spinner component s loader loader visible"
          fill="none"
          viewBox="0 0 24 24"
          xmlns="http://www.w3.org/2000/svg"
        >
          <defs>
            <lineargradient
              id=":r0:_top"
              x1="0.05"
            >
              <stop
                offset="0.1"
                stop-color="currentColor"
                stop-opacity="0"
              />
              <stop
                offset="1"
                stop-color="currentColor"
                stop-opacity="0.3"
              />
            </lineargradient>
            <lineargradient
              id=":r0:_bottom"
              x1="0.05"
            >
              <stop
                offset="0"
                stop-color="currentColor"
                stop-opacity="1"
              />
              <stop
                offset="1"
                stop-color="currentColor"
                stop-opacity="0.3"
              />
            </lineargradient>
          </defs>
          <g
            stroke-width="2"
          >
            <path
              d="M3,12 A9,9 0 0 1 21,12"
              stroke="url(#:r0:_top)"
            />
            <path
              d="M21,12 A9,9 0 0 1 3,12"
              stroke="url(#:r0:_bottom)"
            />
            <path
              d="M3,12 A9,9 0 0 1 3 12"
              stroke="currentColor"
              stroke-linecap="round"
            />
          </g>
        </svg>
      </button>
    </div>
  </body>,
  "container": <div>
    <button
      class="component primary m component primary iconOnly loading customButton white customLoading"
      disabled=""
      style="background: rgb(255, 69, 195);"
      type="button"
    >
      <svg
        class="spinner component s loader loader visible"
        fill="none"
        viewBox="0 0 24 24"
        xmlns="http://www.w3.org/2000/svg"
      >
        <defs>
          <lineargradient
            id=":r0:_top"
            x1="0.05"
          >
            <stop
              offset="0.1"
              stop-color="currentColor"
              stop-opacity="0"
            />
            <stop
              offset="1"
              stop-color="currentColor"
              stop-opacity="0.3"
            />
          </lineargradient>
          <lineargradient
            id=":r0:_bottom"
            x1="0.05"
          >
            <stop
              offset="0"
              stop-color="currentColor"
              stop-opacity="1"
            />
            <stop
              offset="1"
              stop-color="currentColor"
              stop-opacity="0.3"
            />
          </lineargradient>
        </defs>
        <g
          stroke-width="2"
        >
          <path
            d="M3,12 A9,9 0 0 1 21,12"
            stroke="url(#:r0:_top)"
          />
          <path
            d="M21,12 A9,9 0 0 1 3,12"
            stroke="url(#:r0:_bottom)"
          />
          <path
            d="M3,12 A9,9 0 0 1 3 12"
            stroke="currentColor"
            stroke-linecap="round"
          />
        </g>
      </svg>
    </button>
  </div>,
  "debug": [Function],
  "findAllByAltText": [Function],
  "findAllByDisplayValue": [Function],
  "findAllByLabelText": [Function],
  "findAllByPlaceholderText": [Function],
  "findAllByRole": [Function],
  "findAllByTestId": [Function],
  "findAllByText": [Function],
  "findAllByTitle": [Function],
  "findByAltText": [Function],
  "findByDisplayValue": [Function],
  "findByLabelText": [Function],
  "findByPlaceholderText": [Function],
  "findByRole": [Function],
  "findByTestId": [Function],
  "findByText": [Function],
  "findByTitle": [Function],
  "getAllByAltText": [Function],
  "getAllByDisplayValue": [Function],
  "getAllByLabelText": [Function],
  "getAllByPlaceholderText": [Function],
  "getAllByRole": [Function],
  "getAllByTestId": [Function],
  "getAllByText": [Function],
  "getAllByTitle": [Function],
  "getByAltText": [Function],
  "getByDisplayValue": [Function],
  "getByLabelText": [Function],
  "getByPlaceholderText": [Function],
  "getByRole": [Function],
  "getByTestId": [Function],
  "getByText": [Function],
  "getByTitle": [Function],
  "queryAllByAltText": [Function],
  "queryAllByDisplayValue": [Function],
  "queryAllByLabelText": [Function],
  "queryAllByPlaceholderText": [Function],
  "queryAllByRole": [Function],
  "queryAllByTestId": [Function],
  "queryAllByText": [Function],
  "queryAllByTitle": [Function],
  "queryByAltText": [Function],
  "queryByDisplayValue": [Function],
  "queryByLabelText": [Function],
  "queryByPlaceholderText": [Function],
  "queryByRole": [Function],
  "queryByTestId": [Function],
  "queryByText": [Function],
  "queryByTitle": [Function],
  "rerender": [Function],
  "unmount": [Function],
}
`;
