// Jest Snapshot v1, https://goo.gl/fbAQLP

exports[`NavigationBar Snapshots tests should match default snapshot 1`] = `
Object {
  "asFragment": [Function],
  "baseElement": <body>
    <div>
      <div
        class="component"
        data-test-id="nb-dti"
      >
        <div
          class="mainLine center"
        >
          <div
            class="addons"
          >
            <span>
              Left
            </span>
          </div>
          <div
            class="content"
            style="margin-left: 0px; margin-right: 0px;"
          >
            <div
              class="title"
              data-test-id="nb-dti-title"
            >
              Title
            </div>
            <div
              class="subtitle"
              data-test-id="nb-dti-subtitle"
            >
              subtitle
            </div>
          </div>
          <div
            class="rightAddons addons"
          >
            <span>
              Right
            </span>
          </div>
        </div>
        <div>
          <span>
            bottom
          </span>
        </div>
      </div>
    </div>
  </body>,
  "container": <div>
    <div
      class="component"
      data-test-id="nb-dti"
    >
      <div
        class="mainLine center"
      >
        <div
          class="addons"
        >
          <span>
            Left
          </span>
        </div>
        <div
          class="content"
          style="margin-left: 0px; margin-right: 0px;"
        >
          <div
            class="title"
            data-test-id="nb-dti-title"
          >
            Title
          </div>
          <div
            class="subtitle"
            data-test-id="nb-dti-subtitle"
          >
            subtitle
          </div>
        </div>
        <div
          class="rightAddons addons"
        >
          <span>
            Right
          </span>
        </div>
      </div>
      <div>
        <span>
          bottom
        </span>
      </div>
    </div>
  </div>,
  "debug": [Function],
  "findAllByAltText": [Function],
  "findAllByDisplayValue": [Function],
  "findAllByLabelText": [Function],
  "findAllByPlaceholderText": [Function],
  "findAllByRole": [Function],
  "findAllByTestId": [Function],
  "findAllByText": [Function],
  "findAllByTitle": [Function],
  "findByAltText": [Function],
  "findByDisplayValue": [Function],
  "findByLabelText": [Function],
  "findByPlaceholderText": [Function],
  "findByRole": [Function],
  "findByTestId": [Function],
  "findByText": [Function],
  "findByTitle": [Function],
  "getAllByAltText": [Function],
  "getAllByDisplayValue": [Function],
  "getAllByLabelText": [Function],
  "getAllByPlaceholderText": [Function],
  "getAllByRole": [Function],
  "getAllByTestId": [Function],
  "getAllByText": [Function],
  "getAllByTitle": [Function],
  "getByAltText": [Function],
  "getByDisplayValue": [Function],
  "getByLabelText": [Function],
  "getByPlaceholderText": [Function],
  "getByRole": [Function],
  "getByTestId": [Function],
  "getByText": [Function],
  "getByTitle": [Function],
  "queryAllByAltText": [Function],
  "queryAllByDisplayValue": [Function],
  "queryAllByLabelText": [Function],
  "queryAllByPlaceholderText": [Function],
  "queryAllByRole": [Function],
  "queryAllByTestId": [Function],
  "queryAllByText": [Function],
  "queryAllByTitle": [Function],
  "queryByAltText": [Function],
  "queryByDisplayValue": [Function],
  "queryByLabelText": [Function],
  "queryByPlaceholderText": [Function],
  "queryByRole": [Function],
  "queryByTestId": [Function],
  "queryByText": [Function],
  "queryByTitle": [Function],
  "rerender": [Function],
  "unmount": [Function],
}
`;
