// Jest Snapshot v1, https://goo.gl/fbAQLP

exports[`DayOfMonthPicker Display tests should match snapshot 1`] = `
<div>
  <div
    role="button"
    tabindex="0"
  >
    <div
      class="component component m block hasRightAddons"
    >
      <div
        class="inner inner disabled filled hasInnerLabel"
      >
        <div
          class="inputWrapper"
        >
          <span
            aria-hidden="true"
            class="hiddenLabel"
          >
            Какого числа
          </span>
          <div
            class="label label"
          >
            <span
              class="labelInner"
            >
              Какого числа
            </span>
          </div>
          <div
            class="input"
          >
            <input
              aria-label="Какого числа"
              class="input input m hasInnerLabel"
              data-test-id="day-input-field"
              readonly=""
              type="text"
              value="1"
            />
          </div>
        </div>
        <div
          class="addons rightAddons"
        >
          <button
            class="component ghost s component ghost cc-icon-button primary component"
            data-test-id="icon"
            type="button"
          >
            <span
              class="text stretchText"
            >
              <span
                class="iconWrapper s center"
              >
                <svg
                  class="icon"
                  fill="currentColor"
                  focusable="false"
                  height="24"
                  role="img"
                  viewBox="0 0 24 24"
                  width="24"
                >
                  <path
                    d="M9 12v2H7v-2h2zm0 6v-2H7v2h2zm2-6h2v2h-2v-2zm2 4h-2v2h2v-2zm4-4v2h-2v-2h2z"
                  />
                  <path
                    clip-rule="evenodd"
                    d="M6 2h2v2h8V2h2v2h3v16a3 3 0 01-3 3H6a3 3 0 01-3-3V4h3V2zm13 7H5v11a1 1 0 001 1h12a1 1 0 001-1V9z"
                    fill-rule="evenodd"
                  />
                </svg>
              </span>
            </span>
          </button>
        </div>
      </div>
    </div>
  </div>
</div>
`;
