// Jest Snapshot v1, https://goo.gl/fbAQLP

exports[`ModalDesktop snapshots tests should match snapshot 1`] = `
<div
  class="wrapper wrapper"
  role="dialog"
  style="z-index: 100;"
  tabindex="-1"
>
  <div
    class="component size-500 appear appearActive"
  >
    <div
      class="content"
    >
      <div
        class="header hasContent size-500"
      >
        <div
          class="mainLine"
        >
          <div
            class="addonsWrapper"
          >
            <div
              class="addon"
            >
              <button
                aria-label="назад"
                class="component text size-48 hug size-48 component text component text component"
                type="button"
              >
                <span
                  class="label stretchText"
                >
                  <div
                    class="flex"
                  >
                    <div
                      class="iconWrapper"
                    >
                      <svg
                        fill="currentColor"
                        focusable="false"
                        height="24"
                        role="img"
                        viewBox="0 0 24 24"
                        width="24"
                      >
                        <path
                          d="M1 12l8.25-9 2.25 2.25-5.25 5.25H23v3H6.25l5.25 5.25L9.25 21 1 12z"
                        />
                      </svg>
                    </div>
                    <span
                      class="text primary-large medium"
                      style="opacity: 1;"
                    >
                      Назад
                    </span>
                  </div>
                </span>
              </button>
            </div>
          </div>
          <div
            class="addonsWrapper rightAddons"
          >
            <div
              class="addon closer"
            >
              <div
                class="closer"
              >
                <button
                  aria-label="закрыть"
                  class="component text size-48 hug size-48 component text component text cc-icon-button button primary component border-40"
                  type="button"
                >
                  <span
                    class="label stretchText"
                  >
                    <span
                      class="iconWrapper size-48 center"
                    >
                      <svg
                        class="icon"
                        fill="currentColor"
                        focusable="false"
                        height="24"
                        role="img"
                        viewBox="0 0 24 24"
                        width="24"
                      >
                        <path
                          d="M10 12L3 5.5 5.25 3 12 9.5 18.75 3 21 5.5 14 12l7 6.5-2.25 2.5L12 14.5 5.25 21 3 18.5l7-6.5z"
                        />
                      </svg>
                    </span>
                  </span>
                </button>
              </div>
            </div>
          </div>
        </div>
        <div
          class="content contentOnBot left trim"
          style="visibility: visible;"
        >
          <div
            class="title"
          >
            Title
          </div>
        </div>
      </div>
      <div
        class="content withHeader size-500"
      >
        Content
      </div>
      <div
        class="footer start size-500"
      >
        <div
          class="component start"
        >
          Primary
          Secondary
        </div>
      </div>
    </div>
  </div>
</div>
`;

exports[`ModalMobile snapshots tests should match snapshot 1`] = `
<div
  class="wrapper"
  role="dialog"
  style="z-index: 100;"
  tabindex="-1"
>
  <div
    class="component appear appearActive"
  >
    <div
      class="content"
    >
      <div
        class="header hasContent header"
      >
        <div
          class="mainLine"
        >
          <div
            class="addonsWrapper"
          >
            <div
              class="addon"
            >
              <button
                aria-label="назад"
                class="component text size-32 hug size-32 component text component text component"
                type="button"
              >
                <span
                  class="label stretchText"
                >
                  <div
                    class="flex"
                  >
                    <div
                      class="iconWrapper"
                    >
                      <svg
                        fill="currentColor"
                        focusable="false"
                        height="24"
                        role="img"
                        viewBox="0 0 24 24"
                        width="24"
                      >
                        <path
                          d="M7.5 13H19v-2H7.5L11 7.5 9.5 6 4 12l5.5 6 1.5-1.5L7.5 13z"
                        />
                      </svg>
                    </div>
                    <span
                      class="text component medium"
                      style="opacity: 1;"
                    >
                      Назад
                    </span>
                  </div>
                </span>
              </button>
            </div>
          </div>
          <div
            class="addonsWrapper rightAddons"
          >
            <div
              class="addon closer"
            >
              <div
                class="closer"
              >
                <button
                  aria-label="закрыть"
                  class="component text size-48 hug size-48 component text component text cc-icon-button button primary component border-32"
                  type="button"
                >
                  <span
                    class="label stretchText"
                  >
                    <span
                      class="iconWrapper size-32 center"
                    >
                      <svg
                        class="icon"
                        fill="currentColor"
                        focusable="false"
                        height="24"
                        role="img"
                        viewBox="0 0 24 24"
                        width="24"
                      >
                        <path
                          d="M10.586 12L6 16.5 7.5 18l4.5-4.586L16.5 18l1.5-1.5-4.586-4.5L18 7.5 16.5 6 12 10.586 7.5 6 6 7.5l4.586 4.5z"
                        />
                      </svg>
                    </span>
                  </span>
                </button>
              </div>
            </div>
          </div>
        </div>
        <div
          class="content contentOnBot content left trim"
          style="visibility: visible;"
        >
          <div
            class="title"
          >
            Title
          </div>
        </div>
      </div>
      <div
        class="content withHeader content"
      >
        Content
      </div>
      <div
        class="footer start footer"
      >
        <div
          class="component start"
        >
          Secondary
          Primary
        </div>
      </div>
    </div>
  </div>
</div>
`;
