// Jest Snapshot v1, https://goo.gl/fbAQLP

exports[`Calendar Render tests should render calendar when calendarVisible=\`true\` 1`] = `
<div>
  <div
    class="component calendarVisible"
  >
    <div
      class="cc-calendar component sixWeeks responsive"
      tabindex="-1"
    >
      <div
        aria-live="polite"
        class="header"
      >
        <div
          aria-live="polite"
          class="component monthYear"
        >
          <button
            class="component text size-40 hug size-40 component text component text button filled button month"
            type="button"
          >
            <span
              class="label stretchText"
            >
              <span
                class="buttonContent"
              >
                Ноябрь
                <svg
                  class="upDownIcon"
                  fill="currentColor"
                  focusable="false"
                  height="16"
                  role="img"
                  viewBox="0 0 16 16"
                  width="16"
                >
                  <path
                    clip-rule="evenodd"
                    d="M2.293 6.207l1.414-1.414L8 9.086l4.293-4.293 1.414 1.414L8 11.914 2.293 6.207z"
                    fill-rule="evenodd"
                  />
                </svg>
              </span>
            </span>
          </button>
          <button
            class="component text size-40 hug size-40 component text component text button filled button year"
            type="button"
          >
            <span
              class="label stretchText"
            >
              <span
                class="buttonContent"
              >
                2020
                <svg
                  class="upDownIcon"
                  fill="currentColor"
                  focusable="false"
                  height="16"
                  role="img"
                  viewBox="0 0 16 16"
                  width="16"
                >
                  <path
                    clip-rule="evenodd"
                    d="M2.293 6.207l1.414-1.414L8 9.086l4.293-4.293 1.414 1.414L8 11.914 2.293 6.207z"
                    fill-rule="evenodd"
                  />
                </svg>
              </span>
            </span>
          </button>
        </div>
      </div>
      <div
        class="container days"
      >
        <table
          class="daysTable responsive"
        >
          <thead>
            <tr>
              <th
                class="dayName"
              >
                Пн
              </th>
              <th
                class="dayName"
              >
                Вт
              </th>
              <th
                class="dayName"
              >
                Ср
              </th>
              <th
                class="dayName"
              >
                Чт
              </th>
              <th
                class="dayName"
              >
                Пт
              </th>
              <th
                class="dayName"
              >
                Сб
              </th>
              <th
                class="dayName"
              >
                Вс
              </th>
            </tr>
          </thead>
          <tbody>
            <tr>
              <td />
              <td />
              <td />
              <td />
              <td />
              <td />
              <td
                align="center"
                aria-selected="false"
                class="dayWrapper cursorPointer"
                data-date="1604188800000"
                tabindex="-1"
              >
                <button
                  class="component text size-40 hug size-40 component text component text day rounded"
                  type="button"
                >
                  <span
                    class="label stretchText"
                  >
                    <span
                      class="dayContent"
                    >
                      1
                    </span>
                    <span
                      class="addons"
                    />
                  </span>
                </button>
              </td>
            </tr>
            <tr>
              <td
                align="center"
                aria-selected="false"
                class="dayWrapper cursorPointer"
                data-date="1604275200000"
                tabindex="-1"
              >
                <button
                  class="component text size-40 hug size-40 component text component text day rounded"
                  type="button"
                >
                  <span
                    class="label stretchText"
                  >
                    <span
                      class="dayContent"
                    >
                      2
                    </span>
                    <span
                      class="addons"
                    />
                  </span>
                </button>
              </td>
              <td
                align="center"
                aria-selected="false"
                class="dayWrapper cursorPointer"
                data-date="1604361600000"
                tabindex="-1"
              >
                <button
                  class="component text size-40 hug size-40 component text component text day rounded"
                  type="button"
                >
                  <span
                    class="label stretchText"
                  >
                    <span
                      class="dayContent"
                    >
                      3
                    </span>
                    <span
                      class="addons"
                    />
                  </span>
                </button>
              </td>
              <td
                align="center"
                aria-selected="false"
                class="dayWrapper cursorPointer"
                data-date="1604448000000"
                tabindex="-1"
              >
                <button
                  class="component text size-40 hug size-40 component text component text day rounded"
                  type="button"
                >
                  <span
                    class="label stretchText"
                  >
                    <span
                      class="dayContent"
                    >
                      4
                    </span>
                    <span
                      class="addons"
                    />
                  </span>
                </button>
              </td>
              <td
                align="center"
                aria-selected="false"
                class="dayWrapper cursorPointer"
                data-date="1604534400000"
                tabindex="-1"
              >
                <button
                  class="component text size-40 hug size-40 component text component text day rounded"
                  type="button"
                >
                  <span
                    class="label stretchText"
                  >
                    <span
                      class="dayContent"
                    >
                      5
                    </span>
                    <span
                      class="addons"
                    />
                  </span>
                </button>
              </td>
              <td
                align="center"
                aria-selected="false"
                class="dayWrapper cursorPointer"
                data-date="1604620800000"
                tabindex="-1"
              >
                <button
                  class="component text size-40 hug size-40 component text component text day rounded"
                  type="button"
                >
                  <span
                    class="label stretchText"
                  >
                    <span
                      class="dayContent"
                    >
                      6
                    </span>
                    <span
                      class="addons"
                    />
                  </span>
                </button>
              </td>
              <td
                align="center"
                aria-selected="false"
                class="dayWrapper cursorPointer"
                data-date="1604707200000"
                tabindex="-1"
              >
                <button
                  class="component text size-40 hug size-40 component text component text day rounded"
                  type="button"
                >
                  <span
                    class="label stretchText"
                  >
                    <span
                      class="dayContent"
                    >
                      7
                    </span>
                    <span
                      class="addons"
                    />
                  </span>
                </button>
              </td>
              <td
                align="center"
                aria-selected="false"
                class="dayWrapper cursorPointer"
                data-date="1604793600000"
                tabindex="-1"
              >
                <button
                  class="component text size-40 hug size-40 component text component text day rounded"
                  type="button"
                >
                  <span
                    class="label stretchText"
                  >
                    <span
                      class="dayContent"
                    >
                      8
                    </span>
                    <span
                      class="addons"
                    />
                  </span>
                </button>
              </td>
            </tr>
            <tr>
              <td
                align="center"
                aria-selected="false"
                class="dayWrapper cursorPointer"
                data-date="1604880000000"
                tabindex="-1"
              >
                <button
                  class="component text size-40 hug size-40 component text component text day rounded"
                  type="button"
                >
                  <span
                    class="label stretchText"
                  >
                    <span
                      class="dayContent"
                    >
                      9
                    </span>
                    <span
                      class="addons"
                    />
                  </span>
                </button>
              </td>
              <td
                align="center"
                aria-selected="false"
                class="dayWrapper cursorPointer"
                data-date="1604966400000"
                tabindex="-1"
              >
                <button
                  class="component text size-40 hug size-40 component text component text day rounded"
                  type="button"
                >
                  <span
                    class="label stretchText"
                  >
                    <span
                      class="dayContent"
                    >
                      10
                    </span>
                    <span
                      class="addons"
                    />
                  </span>
                </button>
              </td>
              <td
                align="center"
                aria-selected="false"
                class="dayWrapper cursorPointer"
                data-date="1605052800000"
                tabindex="-1"
              >
                <button
                  class="component text size-40 hug size-40 component text component text day rounded"
                  type="button"
                >
                  <span
                    class="label stretchText"
                  >
                    <span
                      class="dayContent"
                    >
                      11
                    </span>
                    <span
                      class="addons"
                    />
                  </span>
                </button>
              </td>
              <td
                align="center"
                aria-selected="false"
                class="dayWrapper cursorPointer"
                data-date="1605139200000"
                tabindex="-1"
              >
                <button
                  class="component text size-40 hug size-40 component text component text day rounded"
                  type="button"
                >
                  <span
                    class="label stretchText"
                  >
                    <span
                      class="dayContent"
                    >
                      12
                    </span>
                    <span
                      class="addons"
                    />
                  </span>
                </button>
              </td>
              <td
                align="center"
                aria-selected="false"
                class="dayWrapper cursorPointer"
                data-date="1605225600000"
                tabindex="-1"
              >
                <button
                  class="component text size-40 hug size-40 component text component text day rounded"
                  type="button"
                >
                  <span
                    class="label stretchText"
                  >
                    <span
                      class="dayContent"
                    >
                      13
                    </span>
                    <span
                      class="addons"
                    />
                  </span>
                </button>
              </td>
              <td
                align="center"
                aria-selected="false"
                class="dayWrapper cursorPointer"
                data-date="1605312000000"
                tabindex="-1"
              >
                <button
                  class="component text size-40 hug size-40 component text component text day rounded"
                  type="button"
                >
                  <span
                    class="label stretchText"
                  >
                    <span
                      class="dayContent"
                    >
                      14
                    </span>
                    <span
                      class="addons"
                    />
                  </span>
                </button>
              </td>
              <td
                align="center"
                aria-selected="false"
                class="dayWrapper cursorPointer"
                data-date="1605398400000"
                tabindex="-1"
              >
                <button
                  class="component text size-40 hug size-40 component text component text day rounded"
                  type="button"
                >
                  <span
                    class="label stretchText"
                  >
                    <span
                      class="dayContent"
                    >
                      15
                    </span>
                    <span
                      class="addons"
                    />
                  </span>
                </button>
              </td>
            </tr>
            <tr>
              <td
                align="center"
                aria-selected="false"
                class="dayWrapper cursorPointer"
                data-date="1605484800000"
                tabindex="-1"
              >
                <button
                  class="component text size-40 hug size-40 component text component text day rounded"
                  type="button"
                >
                  <span
                    class="label stretchText"
                  >
                    <span
                      class="dayContent"
                    >
                      16
                    </span>
                    <span
                      class="addons"
                    />
                  </span>
                </button>
              </td>
              <td
                align="center"
                aria-selected="false"
                class="dayWrapper cursorPointer"
                data-date="1605571200000"
                tabindex="-1"
              >
                <button
                  class="component text size-40 hug size-40 component text component text day rounded"
                  type="button"
                >
                  <span
                    class="label stretchText"
                  >
                    <span
                      class="dayContent"
                    >
                      17
                    </span>
                    <span
                      class="addons"
                    />
                  </span>
                </button>
              </td>
              <td
                align="center"
                aria-selected="false"
                class="dayWrapper cursorPointer"
                data-date="1605657600000"
                tabindex="-1"
              >
                <button
                  class="component text size-40 hug size-40 component text component text day rounded"
                  type="button"
                >
                  <span
                    class="label stretchText"
                  >
                    <span
                      class="dayContent"
                    >
                      18
                    </span>
                    <span
                      class="addons"
                    />
                  </span>
                </button>
              </td>
              <td
                align="center"
                aria-selected="false"
                class="dayWrapper cursorPointer"
                data-date="1605744000000"
                tabindex="-1"
              >
                <button
                  class="component text size-40 hug size-40 component text component text day rounded"
                  type="button"
                >
                  <span
                    class="label stretchText"
                  >
                    <span
                      class="dayContent"
                    >
                      19
                    </span>
                    <span
                      class="addons"
                    />
                  </span>
                </button>
              </td>
              <td
                align="center"
                aria-selected="false"
                class="dayWrapper cursorPointer"
                data-date="1605830400000"
                tabindex="-1"
              >
                <button
                  class="component text size-40 hug size-40 component text component text day rounded"
                  type="button"
                >
                  <span
                    class="label stretchText"
                  >
                    <span
                      class="dayContent"
                    >
                      20
                    </span>
                    <span
                      class="addons"
                    />
                  </span>
                </button>
              </td>
              <td
                align="center"
                aria-selected="false"
                class="dayWrapper cursorPointer"
                data-date="1605916800000"
                tabindex="-1"
              >
                <button
                  class="component text size-40 hug size-40 component text component text day rounded"
                  type="button"
                >
                  <span
                    class="label stretchText"
                  >
                    <span
                      class="dayContent"
                    >
                      21
                    </span>
                    <span
                      class="addons"
                    />
                  </span>
                </button>
              </td>
              <td
                align="center"
                aria-selected="false"
                class="dayWrapper cursorPointer"
                data-date="1606003200000"
                tabindex="-1"
              >
                <button
                  class="component text size-40 hug size-40 component text component text day rounded"
                  type="button"
                >
                  <span
                    class="label stretchText"
                  >
                    <span
                      class="dayContent"
                    >
                      22
                    </span>
                    <span
                      class="addons"
                    />
                  </span>
                </button>
              </td>
            </tr>
            <tr>
              <td
                align="center"
                aria-selected="false"
                class="dayWrapper cursorPointer"
                data-date="1606089600000"
                tabindex="-1"
              >
                <button
                  class="component text size-40 hug size-40 component text component text day rounded"
                  type="button"
                >
                  <span
                    class="label stretchText"
                  >
                    <span
                      class="dayContent"
                    >
                      23
                    </span>
                    <span
                      class="addons"
                    />
                  </span>
                </button>
              </td>
              <td
                align="center"
                aria-selected="false"
                class="dayWrapper cursorPointer"
                data-date="1606176000000"
                tabindex="-1"
              >
                <button
                  class="component text size-40 hug size-40 component text component text day rounded"
                  type="button"
                >
                  <span
                    class="label stretchText"
                  >
                    <span
                      class="dayContent"
                    >
                      24
                    </span>
                    <span
                      class="addons"
                    />
                  </span>
                </button>
              </td>
              <td
                align="center"
                aria-selected="false"
                class="dayWrapper cursorPointer"
                data-date="1606262400000"
                tabindex="-1"
              >
                <button
                  class="component text size-40 hug size-40 component text component text day rounded"
                  type="button"
                >
                  <span
                    class="label stretchText"
                  >
                    <span
                      class="dayContent"
                    >
                      25
                    </span>
                    <span
                      class="addons"
                    />
                  </span>
                </button>
              </td>
              <td
                align="center"
                aria-selected="false"
                class="dayWrapper cursorPointer"
                data-date="1606348800000"
                tabindex="-1"
              >
                <button
                  class="component text size-40 hug size-40 component text component text day rounded"
                  type="button"
                >
                  <span
                    class="label stretchText"
                  >
                    <span
                      class="dayContent"
                    >
                      26
                    </span>
                    <span
                      class="addons"
                    />
                  </span>
                </button>
              </td>
              <td
                align="center"
                aria-selected="false"
                class="dayWrapper cursorPointer"
                data-date="1606435200000"
                tabindex="-1"
              >
                <button
                  class="component text size-40 hug size-40 component text component text day rounded"
                  type="button"
                >
                  <span
                    class="label stretchText"
                  >
                    <span
                      class="dayContent"
                    >
                      27
                    </span>
                    <span
                      class="addons"
                    />
                  </span>
                </button>
              </td>
              <td
                align="center"
                aria-selected="false"
                class="dayWrapper cursorPointer"
                data-date="1606521600000"
                tabindex="-1"
              >
                <button
                  class="component text size-40 hug size-40 component text component text day rounded"
                  type="button"
                >
                  <span
                    class="label stretchText"
                  >
                    <span
                      class="dayContent"
                    >
                      28
                    </span>
                    <span
                      class="addons"
                    />
                  </span>
                </button>
              </td>
              <td
                align="center"
                aria-selected="false"
                class="dayWrapper cursorPointer"
                data-date="1606608000000"
                tabindex="-1"
              >
                <button
                  class="component text size-40 hug size-40 component text component text day rounded"
                  type="button"
                >
                  <span
                    class="label stretchText"
                  >
                    <span
                      class="dayContent"
                    >
                      29
                    </span>
                    <span
                      class="addons"
                    />
                  </span>
                </button>
              </td>
            </tr>
            <tr>
              <td
                align="center"
                aria-selected="true"
                class="dayWrapper cursorPointer"
                data-date="1606694400000"
                tabindex="0"
              >
                <button
                  class="component text size-40 hug size-40 component text component text day rounded selected"
                  type="button"
                >
                  <span
                    class="label stretchText"
                  >
                    <span
                      class="dayContent"
                    >
                      30
                    </span>
                    <span
                      class="addons selected"
                    />
                  </span>
                </button>
              </td>
              <td />
              <td />
              <td />
              <td />
              <td />
              <td />
            </tr>
          </tbody>
        </table>
      </div>
    </div>
  </div>
</div>
`;

exports[`Calendar Render tests should render skeleton when calendarVisible=\`false\` 1`] = `
<div>
  <div
    class="component"
  >
    <div
      class="skeleton"
    >
      <div
        class="component animate header"
      />
      <div
        class="component animate weekDays"
      />
      <div
        class="component animate row"
      />
      <div
        class="component animate row"
      />
      <div
        class="component animate row"
      />
      <div
        class="component animate row"
      />
      <div
        class="component animate row"
      />
    </div>
  </div>
</div>
`;
