// Jest Snapshot v1, https://goo.gl/fbAQLP

exports[`Notification Snapshots tests should match snapshot 1`] = `
<body>
  <div />
  <div
    alfa-portal-container=""
  >
    <div>
      <div
        class="component component hasCloser notificationComponent"
        style="top: 108px; z-index: 1000;"
      >
        <div
          class="contentWrap"
        >
          <div
            class="toastContent content hasCloser"
          >
            <div
              class="leftAddons"
            >
              <div
                class="wrapper positive m badge"
                data-test-id="badge"
              >
                <div
                  class="component m icon positive"
                >
                  <svg
                    class="badgeIcon"
                    fill="currentColor"
                    focusable="false"
                    height="24"
                    role="img"
                    viewBox="0 0 24 24"
                    width="24"
                  >
                    <path
                      clip-rule="evenodd"
                      d="M22 12c0 5.523-4.477 10-10 10S2 17.523 2 12 6.477 2 12 2s10 4.477 10 10zm-11.5 4L17 9.5 15.5 8l-5 5-2-2L7 12.5l3.5 3.5z"
                      fill-rule="evenodd"
                    />
                  </svg>
                </div>
              </div>
            </div>
            <div>
              <div
                class="title"
              >
                title
              </div>
              <div
                class="children"
              >
                text
              </div>
            </div>
          </div>
          <div
            class="closeButtonWrapper closeButtonWrapper"
          >
            <button
              aria-label="закрыть"
              class="component ghost s component ghost cc-icon-button closeButton primary component"
              type="button"
            >
              <span
                class="text stretchText"
              >
                <span
                  class="iconWrapper s"
                >
                  <svg
                    class="icon"
                    fill="currentColor"
                    focusable="false"
                    height="24"
                    role="img"
                    viewBox="0 0 24 24"
                    width="24"
                  >
                    <path
                      d="M10.586 12L6 16.5 7.5 18l4.5-4.586L16.5 18l1.5-1.5-4.586-4.5L18 7.5 16.5 6 12 10.586 7.5 6 6 7.5l4.586 4.5z"
                    />
                  </svg>
                </span>
              </span>
            </button>
          </div>
        </div>
      </div>
    </div>
  </div>
</body>
`;
