// Jest Snapshot v1, https://goo.gl/fbAQLP

exports[`FileUploadItem Snapshots tests should match snapshot 1`] = `
Object {
  "asFragment": [Function],
  "baseElement": <body>
    <div>
      <div
        class="component success"
      >
        <div
          class="info"
        >
          <svg
            class="successIcon"
            fill="currentColor"
            focusable="false"
            height="24"
            role="img"
            viewBox="0 0 24 24"
            width="24"
          >
            <path
              clip-rule="evenodd"
              d="M22 12c0 5.523-4.477 10-10 10S2 17.523 2 12 6.477 2 12 2s10 4.477 10 10zm-11.5 4L17 9.5 15.5 8l-5 5-2-2L7 12.5l3.5 3.5z"
              fill-rule="evenodd"
            />
          </svg>
          <div
            class="infoSection"
          >
            <div
              class="name"
            >
              Довольно длинное название файла.pdf
            </div>
          </div>
          <div
            class="meta"
          >
            <span>
              22.01.2018
            </span>
            <span
              class="size"
            >
              43.95 KB
            </span>
          </div>
        </div>
        <a
          aria-label="скачать"
          class="component ghost s component ghost download primary component"
          download="новое_название_файла"
          href="/link"
        >
          <span
            class="text stretchText"
          >
            <span
              class="iconWrapper xxs"
            >
              <svg
                class="icon"
                fill="currentColor"
                focusable="false"
                height="16"
                role="img"
                viewBox="0 0 16 16"
                width="16"
              >
                <path
                  d="M10.963 6.623L8.667 8.87V2H7.333v6.87L5.037 6.622l-.932.954L8 11.387l3.895-3.81-.932-.954zM13.333 14v-1.333H2.667V14h10.666z"
                />
              </svg>
            </span>
          </span>
        </a>
        <button
          aria-label="удалить"
          class="component ghost s component ghost delete primary component"
          type="button"
        >
          <span
            class="text stretchText"
          >
            <span
              class="iconWrapper xxs"
            >
              <svg
                class="icon"
                fill="currentColor"
                focusable="false"
                height="16"
                role="img"
                viewBox="0 0 16 16"
                width="16"
              >
                <path
                  d="M7.057 8L4 11l1 1 3-3.057L11 12l1-1-3.057-3L12 5l-1-1-3 3.057L5 4 4 5l3.057 3z"
                />
              </svg>
            </span>
          </span>
        </button>
      </div>
    </div>
  </body>,
  "container": <div>
    <div
      class="component success"
    >
      <div
        class="info"
      >
        <svg
          class="successIcon"
          fill="currentColor"
          focusable="false"
          height="24"
          role="img"
          viewBox="0 0 24 24"
          width="24"
        >
          <path
            clip-rule="evenodd"
            d="M22 12c0 5.523-4.477 10-10 10S2 17.523 2 12 6.477 2 12 2s10 4.477 10 10zm-11.5 4L17 9.5 15.5 8l-5 5-2-2L7 12.5l3.5 3.5z"
            fill-rule="evenodd"
          />
        </svg>
        <div
          class="infoSection"
        >
          <div
            class="name"
          >
            Довольно длинное название файла.pdf
          </div>
        </div>
        <div
          class="meta"
        >
          <span>
            22.01.2018
          </span>
          <span
            class="size"
          >
            43.95 KB
          </span>
        </div>
      </div>
      <a
        aria-label="скачать"
        class="component ghost s component ghost download primary component"
        download="новое_название_файла"
        href="/link"
      >
        <span
          class="text stretchText"
        >
          <span
            class="iconWrapper xxs"
          >
            <svg
              class="icon"
              fill="currentColor"
              focusable="false"
              height="16"
              role="img"
              viewBox="0 0 16 16"
              width="16"
            >
              <path
                d="M10.963 6.623L8.667 8.87V2H7.333v6.87L5.037 6.622l-.932.954L8 11.387l3.895-3.81-.932-.954zM13.333 14v-1.333H2.667V14h10.666z"
              />
            </svg>
          </span>
        </span>
      </a>
      <button
        aria-label="удалить"
        class="component ghost s component ghost delete primary component"
        type="button"
      >
        <span
          class="text stretchText"
        >
          <span
            class="iconWrapper xxs"
          >
            <svg
              class="icon"
              fill="currentColor"
              focusable="false"
              height="16"
              role="img"
              viewBox="0 0 16 16"
              width="16"
            >
              <path
                d="M7.057 8L4 11l1 1 3-3.057L11 12l1-1-3.057-3L12 5l-1-1-3 3.057L5 4 4 5l3.057 3z"
              />
            </svg>
          </span>
        </span>
      </button>
    </div>
  </div>,
  "debug": [Function],
  "findAllByAltText": [Function],
  "findAllByDisplayValue": [Function],
  "findAllByLabelText": [Function],
  "findAllByPlaceholderText": [Function],
  "findAllByRole": [Function],
  "findAllByTestId": [Function],
  "findAllByText": [Function],
  "findAllByTitle": [Function],
  "findByAltText": [Function],
  "findByDisplayValue": [Function],
  "findByLabelText": [Function],
  "findByPlaceholderText": [Function],
  "findByRole": [Function],
  "findByTestId": [Function],
  "findByText": [Function],
  "findByTitle": [Function],
  "getAllByAltText": [Function],
  "getAllByDisplayValue": [Function],
  "getAllByLabelText": [Function],
  "getAllByPlaceholderText": [Function],
  "getAllByRole": [Function],
  "getAllByTestId": [Function],
  "getAllByText": [Function],
  "getAllByTitle": [Function],
  "getByAltText": [Function],
  "getByDisplayValue": [Function],
  "getByLabelText": [Function],
  "getByPlaceholderText": [Function],
  "getByRole": [Function],
  "getByTestId": [Function],
  "getByText": [Function],
  "getByTitle": [Function],
  "queryAllByAltText": [Function],
  "queryAllByDisplayValue": [Function],
  "queryAllByLabelText": [Function],
  "queryAllByPlaceholderText": [Function],
  "queryAllByRole": [Function],
  "queryAllByTestId": [Function],
  "queryAllByText": [Function],
  "queryAllByTitle": [Function],
  "queryByAltText": [Function],
  "queryByDisplayValue": [Function],
  "queryByLabelText": [Function],
  "queryByPlaceholderText": [Function],
  "queryByRole": [Function],
  "queryByTestId": [Function],
  "queryByText": [Function],
  "queryByTitle": [Function],
  "rerender": [Function],
  "unmount": [Function],
}
`;
