// Jest Snapshot v1, https://goo.gl/fbAQLP

exports[`DateInput Display tests should match snapshot 1`] = `
<div>
  <div
    class="component component size-48 size-48 hasRightAddons"
  >
    <div
      class="inner inner inner inner filled"
    >
      <div
        class="inputWrapper"
      >
        <div
          class="input size-48"
        >
          <input
            class="input size-48 input"
            inputmode="decimal"
            pattern="[0-9\\\\.]*"
            placeholder="ДД.ММ.ГГГГ"
            type="text"
            value="01.01.2021"
          />
        </div>
      </div>
      <div
        class="addons rightAddons"
      />
    </div>
  </div>
</div>
`;
