// Jest Snapshot v1, https://jestjs.io/docs/snapshot-testing

exports[`Grid.Col Snapshots tests should match snapshot 1`] = `
<div>
  <div
    class="col component"
  >
    content
  </div>
</div>
`;
