// Jest Snapshot v1, https://goo.gl/fbAQLP

exports[`Attach Snapshots tests should match snapshot 1`] = `
<div>
  <div
    class="component s"
  >
    <button
      class="component secondary s component secondary withLeftAddons"
      type="button"
    >
      <span
        class="addons"
      >
        <svg
          class="icon"
          fill="currentColor"
          focusable="false"
          height="24"
          role="img"
          viewBox="0 0 24 24"
          width="24"
        >
          <path
            clip-rule="evenodd"
            d="M12.78 3.63a4.507 4.507 0 016.373 6.373l-7.42 7.42a2.705 2.705 0 11-3.826-3.825l6.905-6.905 1.273 1.273-6.905 6.905a.905.905 0 001.28 1.28l7.42-7.42a2.707 2.707 0 10-3.827-3.829l-7.415 7.414a4.52 4.52 0 106.393 6.393l3.093-3.094a11.167 11.167 0 014.365-2.698l.57 1.708a9.368 9.368 0 00-3.662 2.263l-3.094 3.093a6.32 6.32 0 11-8.937-8.938L12.78 3.63z"
            fill-rule="evenodd"
          />
        </svg>
      </span>
      <span
        class="text"
      >
        <span>
          Выберите файл
        </span>
      </span>
    </button>
    <label
      class="label"
    >
      <input
        class="control"
        tabindex="-1"
        type="file"
      />
    </label>
    <div
      class="noFile"
    >
      Нет файла
    </div>
  </div>
</div>
`;
