// Jest Snapshot v1, https://goo.gl/fbAQLP

exports[`withSuffix Snapshots tests should match snapshot 1`] = `
<div>
  <div
    class="component component suffixVisible hasSuffix size-48 size-48"
  >
    <div
      class="inner inner inner inner filled"
    >
      <div
        class="inputWrapper"
      >
        <div
          class="input size-48"
        >
          <input
            class="input size-48 input"
            type="text"
            value="10"
          />
          <div
            class="suffixContainer"
            translate="no"
          >
            <span
              class="spacer"
            >
              10
            </span>
            <div
              class="suffix"
            >
               лет
            </div>
          </div>
        </div>
      </div>
    </div>
  </div>
</div>
`;
